﻿[dotenv@17.3.1] injecting env (11) from .env -- tip: ­ƒøá´©Å  run anywhere with `dotenvx run -- yourcommand`
--- STARTING MEDICATION DETECTION TEST ---
node : C:\Users\HP\De
sktop\pharma-vocal-ag
ent\node_modules\mysq
l2\lib\promise\pool.j
s:54
Au caractère Ligne:1 
: 1
+ node 
test_detection.js > 
test_output.txt 2>&1
+ ~~~~~~~~~~~~~~~~~~~
~~~~~~~~~~~~~~~~~~~~~
~~~~~
    + CategoryInfo   
           : NotSpe  
  cified: (C:\User   
 s\HP\Des...mise\    
pool.js:54:Strin    
g) [], RemoteExc    
eption
    + FullyQualified 
   ErrorId : Native  
  CommandError
 
    const localErr = 
new Error();
                     
^

Error: Cannot add or 
update a child row: 
a foreign key 
constraint fails (`ph
arma_vocal`.`sessions
`, CONSTRAINT 
`sessions_ibfk_1` 
FOREIGN KEY 
(`delegue_id`) 
REFERENCES 
`utilisateurs` 
(`id`) ON DELETE 
CASCADE)
    at 
PromisePool.execute (
C:\Users\HP\Desktop\p
harma-vocal-agent\nod
e_modules\mysql2\lib\
promise\pool.js:54:22
)
    at SessionReposit
ory.create (C:\Users\
HP\Desktop\pharma-voc
al-agent\repositories
\sessionRepository.js
:15:25)
    at testDetection 
(C:\Users\HP\Desktop\
pharma-vocal-agent\te
st_detection.js:15:29
)
    at 
Object.<anonymous> (C
:\Users\HP\Desktop\ph
arma-vocal-agent\test
_detection.js:74:1)
    at 
Module._compile (node
:internal/modules/cjs
/loader:1706:14)
    at Object..js (no
de:internal/modules/c
js/loader:1839:10)
    at Module.load (n
ode:internal/modules/
cjs/loader:1441:32)
    at 
Function._load (node:
internal/modules/cjs/
loader:1263:12)
    at TracingChannel
.traceSync (node:diag
nostics_channel:322:1
4)
    at 
wrapModuleLoad (node:
internal/modules/cjs/
loader:237:24) {
  code: 'ER_NO_REFERE
NCED_ROW_2',
  errno: 1452,
  sql: 'INSERT INTO 
sessions (id, 
delegue_id, statut, 
date_debut) \n' +
    "       VALUES 
(?, ?, 'en_cours', 
NOW())",
  sqlState: '23000',
  sqlMessage: 
'Cannot add or 
update a child row: 
a foreign key 
constraint fails (`ph
arma_vocal`.`sessions
`, CONSTRAINT 
`sessions_ibfk_1` 
FOREIGN KEY 
(`delegue_id`) 
REFERENCES 
`utilisateurs` 
(`id`) ON DELETE 
CASCADE)'
}

Node.js v22.20.0
